// Jest Snapshot v1, https://goo.gl/fbAQLP

exports[`Contact renders correctly 1`] = `
<div
  className="container  bg-refubookAboutBlue rounded-3xl shadow-2xl m-auto pt-4 pb-4 xl:my-0 md:my-8 px-4 md:px-16 flex flex-col-reverse  md:flex-row justify-evenly items-center"
>
  <div
    className="flex flex-col items-center lg:items-start justify-center px-2  md:px-0"
  >
    <h1
      className="text-5xl xl:text-6xl font-extrabold  pt-5 mt-5 py-1  text-refubookBlue text-center lg:text-left"
    >
      Get_in_Touch
    </h1>
    <p
      className="text-base  mt-5 py-1 text-refubookLightBlack font-medium  w-full lg:w-3/5 text-center lg:text-left"
    >
      Get_in_Touch_Text
    </p>
    <form
      className="flex flex-col  items-center lg:items-start w-full  md:w-4/6"
      onSubmit={[Function]}
    >
      <div
        className="flex flex-col justify-between w-full mt-5 lg:flex-row"
      >
        <div
          className="flex flex-col  w-full items-center justify-center "
        >
          <label
            className="  text-refubookLightBlue  text-xl  mt-5 py-1 w-full"
            htmlFor="email"
          >
            Email
            <input
              className="mt-2 bg-refubookWhite text-refubookBlack rounded-md shadow-md placeholder-opacity-100 p-2 box-border  w-full focus:outline-none focus:ring-2 focus:ring-refubookBlue focus:border-transparent"
              id="email"
              onChange={[Function]}
              placeholder="example@gmail.com"
              required={true}
              type="email"
              value=""
            />
          </label>
        </div>
      </div>
      <label
        className="text-refubookLightBlue text-xl mt-5 py-1 w-full"
        htmlFor="message"
      >
        Message
        <textarea
          className=" mt-5 bg-refubookWhite text-refubookBlack rounded-md shadow-md placeholder-opacity-100 p-2 box-border  w-full focus:outline-none focus:ring-2 focus:ring-refubookBlue focus:border-transparent"
          cols="30"
          id="message"
          name="message"
          onChange={[Function]}
          placeholder="Your message"
          required={true}
          rows="10"
          value=""
        />
      </label>
      <div>
        <button
          className="flex justify-center items-center lg:justify-start px-10 py-1 mt-5  bg-refubookBlue text-refubookWhite font-bold text-md md:text-lg  rounded-full shadow-lg hover:bg-refubookWhite hover:text-refubookBlack transition duration-500 ease-in-out"
          type="submit"
        >
          Send
        </button>
      </div>
    </form>
    <div
      className="flex justify-center items-center lg:justify-start  py-5 "
    >
      <img
        alt=""
        src="SocialMedia.svg"
      />
    </div>
  </div>
  <div
    className="basis-1/2 m-auto w-6/12"
  >
    <img
      alt=""
      className=" flex justify-end sm:hidden"
      src="contact-draw.svg"
    />
    <img
      alt=""
      className="hidden  sm:flex justify-center items-center "
      src="Union.svg"
    />
  </div>
</div>
`;
