// Jest Snapshot v1, https://goo.gl/fbAQLP

exports[`OurTeam renders correctly 1`] = `
<section
  className="px-8 py-8 bg-refubookAboutBlue text-darkBlue font-bold w-full"
>
  <div
    className="container mx-auto"
  >
    <div
      className="flex  items-center justify-center"
    >
      <h1
        className="text-4xl font-bold text-center"
      >
        Our_Team
      </h1>
    </div>
    <div
      className="hidden md:block mt-10"
    >
      <div
        aria-orientation="horizontal"
        className="flex rounded-xl p-1 max-w-lg mx-auto mt-5 justify-center items-center w-full"
        role="tablist"
      >
        <button
          aria-selected={true}
          className="w-full rounded-full py-2  text-sm font-medium   ring-refubookWhite ring-opacity-60 ring-offset-2 ring-offset-refubookBlue focus:outline-none focus:ring-2 bg-darkBlue  text-refubookAboutBlue shadow"
          data-headlessui-state="selected"
          id="headlessui-tabs-tab-:r0:"
          onClick={[Function]}
          onKeyDown={[Function]}
          onMouseDown={[Function]}
          role="tab"
          selected={true}
          tabIndex={0}
          type="button"
        >
          View_All
        </button>
        <button
          aria-selected={false}
          className="w-full rounded-full py-2  text-sm font-medium   ring-refubookWhite ring-opacity-60 ring-offset-2 ring-offset-refubookBlue focus:outline-none focus:ring-2  hover:bg-refubookWhite/[0.12] hover:text-refubookBlack"
          data-headlessui-state=""
          id="headlessui-tabs-tab-:r4:"
          onClick={[Function]}
          onKeyDown={[Function]}
          onMouseDown={[Function]}
          role="tab"
          selected={false}
          tabIndex={-1}
          type="button"
        >
          Turkey
        </button>
        <button
          aria-selected={false}
          className="w-full rounded-full py-2  text-sm font-medium   ring-refubookWhite ring-opacity-60 ring-offset-2 ring-offset-refubookBlue focus:outline-none focus:ring-2  hover:bg-refubookWhite/[0.12] hover:text-refubookBlack"
          data-headlessui-state=""
          id="headlessui-tabs-tab-:r5:"
          onClick={[Function]}
          onKeyDown={[Function]}
          onMouseDown={[Function]}
          role="tab"
          selected={false}
          tabIndex={-1}
          type="button"
        >
          Lebanon
        </button>
        <button
          aria-selected={false}
          className="w-full rounded-full py-2  text-sm font-medium   ring-refubookWhite ring-opacity-60 ring-offset-2 ring-offset-refubookBlue focus:outline-none focus:ring-2  hover:bg-refubookWhite/[0.12] hover:text-refubookBlack"
          data-headlessui-state=""
          id="headlessui-tabs-tab-:r6:"
          onClick={[Function]}
          onKeyDown={[Function]}
          onMouseDown={[Function]}
          role="tab"
          selected={false}
          tabIndex={-1}
          type="button"
        >
          USA
        </button>
      </div>
      <div
        className="mt-10"
      >
        <div
          data-headlessui-state="selected"
          id="headlessui-tabs-panel-:r1:"
          role="tabpanel"
          selected={true}
          tabIndex={0}
        >
          <div
            className="px-4 md:px-48 md:mt-10 md:py-10 justify-self-center items-center w-full mx-auto grid grid-cols-2 gap-16 md:grid-cols-3 md:gap-20"
          >
            <div
              className="flex flex-col items-center justify-center w-full md:ml-8"
            >
              <p
                className="font-medium w-full"
              >
                Yasin
              </p>
              <p
                className="font-normal  w-full"
              >
                 
                Yasin_Job
              </p>
            </div>
            <div
              className="flex flex-col items-center justify-center w-full md:ml-8"
            >
              <p
                className="font-medium w-full"
              >
                Helin
              </p>
              <p
                className="font-normal  w-full"
              >
                 
                Helin_Job
              </p>
            </div>
            <div
              className="flex flex-col items-center justify-center w-full md:ml-8"
            >
              <p
                className="font-medium w-full"
              >
                Sara
              </p>
              <p
                className="font-normal  w-full"
              >
                 
                Sara_Job
              </p>
            </div>
            <div
              className="flex flex-col items-center justify-center w-full md:ml-8"
            >
              <p
                className="font-medium w-full"
              >
                Yusuf
              </p>
              <p
                className="font-normal  w-full"
              >
                 
                Yusuf_Job
              </p>
            </div>
            <div
              className="flex flex-col items-center justify-center w-full md:ml-8"
            >
              <p
                className="font-medium w-full"
              >
                Asmaa
              </p>
              <p
                className="font-normal  w-full"
              >
                 
                Asmaa_Job
              </p>
            </div>
            <div
              className="flex flex-col items-center justify-center w-full md:ml-8"
            >
              <p
                className="font-medium w-full"
              >
                Salah
              </p>
              <p
                className="font-normal  w-full"
              >
                 
                Salah_Job
              </p>
            </div>
            <div
              className="flex flex-col items-center justify-center w-full md:ml-8"
            >
              <p
                className="font-medium w-full"
              >
                Kishi
              </p>
              <p
                className="font-normal  w-full"
              >
                 
                Kishi_Job
              </p>
            </div>
            <div
              className="flex flex-col items-center justify-center w-full md:ml-8"
            >
              <p
                className="font-medium w-full"
              >
                Hiba
              </p>
              <p
                className="font-normal  w-full"
              >
                 
                Hiba_Job
              </p>
            </div>
            <div
              className="flex flex-col items-center justify-center w-full md:ml-8"
            >
              <p
                className="font-medium w-full"
              >
                Wissam
              </p>
              <p
                className="font-normal  w-full"
              >
                 
                Wissam_Job
              </p>
            </div>
          </div>
        </div>
        <span
          id="headlessui-tabs-panel-:r7:"
          role="tabpanel"
          style={
            Object {
              "borderWidth": "0",
              "clip": "rect(0, 0, 0, 0)",
              "height": 0,
              "left": 1,
              "margin": -1,
              "overflow": "hidden",
              "padding": 0,
              "position": "fixed",
              "top": 1,
              "whiteSpace": "nowrap",
              "width": 1,
            }
          }
          tabIndex={-1}
        />
        <span
          id="headlessui-tabs-panel-:r8:"
          role="tabpanel"
          style={
            Object {
              "borderWidth": "0",
              "clip": "rect(0, 0, 0, 0)",
              "height": 0,
              "left": 1,
              "margin": -1,
              "overflow": "hidden",
              "padding": 0,
              "position": "fixed",
              "top": 1,
              "whiteSpace": "nowrap",
              "width": 1,
            }
          }
          tabIndex={-1}
        />
        <span
          id="headlessui-tabs-panel-:r9:"
          role="tabpanel"
          style={
            Object {
              "borderWidth": "0",
              "clip": "rect(0, 0, 0, 0)",
              "height": 0,
              "left": 1,
              "margin": -1,
              "overflow": "hidden",
              "padding": 0,
              "position": "fixed",
              "top": 1,
              "whiteSpace": "nowrap",
              "width": 1,
            }
          }
          tabIndex={-1}
        />
      </div>
    </div>
    <div
      className="block md:hidden mt-10"
    >
      <div
        aria-orientation="horizontal"
        className="flex flex-col rounded-xl p-1 max-w-lg mx-auto mt-5 justify-center items-center w-full"
        role="tablist"
      >
        <button
          aria-selected={true}
          className=" w-28 py-2 rounded-full   text-sm font-medium   ring-refubookWhite ring-opacity-60 ring-offset-2 text-refubookWhite  ring-offset-refubookBlue focus:outline-none focus:ring-2 bg-refubookTeamLightRed  shadow"
          data-headlessui-state="selected"
          id="headlessui-tabs-tab-:r2:"
          onClick={[Function]}
          onKeyDown={[Function]}
          onMouseDown={[Function]}
          role="tab"
          selected={true}
          tabIndex={0}
          type="button"
        >
          View_All
        </button>
        <div
          data-headlessui-state="selected"
          id="headlessui-tabs-panel-:r3:"
          role="tabpanel"
          selected={true}
          tabIndex={0}
        >
          <div
            className="px-4 md:px-48 md:mt-10 md:py-10 justify-self-center items-center w-full mx-auto grid grid-cols-2 gap-16 md:grid-cols-3 md:gap-20"
          >
            <div
              className="flex flex-col items-center justify-center mt-5 w-full md:ml-8"
            >
              <p
                className="font-medium w-full"
              >
                Yasin
              </p>
              <p
                className="font-normal  w-full"
              >
                Yasin_Job
              </p>
            </div>
            <div
              className="flex flex-col items-center justify-center mt-5 w-full md:ml-8"
            >
              <p
                className="font-medium w-full"
              >
                Helin
              </p>
              <p
                className="font-normal  w-full"
              >
                Helin_Job
              </p>
            </div>
            <div
              className="flex flex-col items-center justify-center mt-5 w-full md:ml-8"
            >
              <p
                className="font-medium w-full"
              >
                Sara
              </p>
              <p
                className="font-normal  w-full"
              >
                Sara_Job
              </p>
            </div>
            <div
              className="flex flex-col items-center justify-center mt-5 w-full md:ml-8"
            >
              <p
                className="font-medium w-full"
              >
                Yusuf
              </p>
              <p
                className="font-normal  w-full"
              >
                Yusuf_Job
              </p>
            </div>
            <div
              className="flex flex-col items-center justify-center mt-5 w-full md:ml-8"
            >
              <p
                className="font-medium w-full"
              >
                Asmaa
              </p>
              <p
                className="font-normal  w-full"
              >
                Asmaa_Job
              </p>
            </div>
            <div
              className="flex flex-col items-center justify-center mt-5 w-full md:ml-8"
            >
              <p
                className="font-medium w-full"
              >
                Salah
              </p>
              <p
                className="font-normal  w-full"
              >
                Salah_Job
              </p>
            </div>
            <div
              className="flex flex-col items-center justify-center mt-5 w-full md:ml-8"
            >
              <p
                className="font-medium w-full"
              >
                Kishi
              </p>
              <p
                className="font-normal  w-full"
              >
                Kishi_Job
              </p>
            </div>
            <div
              className="flex flex-col items-center justify-center mt-5 w-full md:ml-8"
            >
              <p
                className="font-medium w-full"
              >
                Hiba
              </p>
              <p
                className="font-normal  w-full"
              >
                Hiba_Job
              </p>
            </div>
            <div
              className="flex flex-col items-center justify-center mt-5 w-full md:ml-8"
            >
              <p
                className="font-medium w-full"
              >
                Wissam
              </p>
              <p
                className="font-normal  w-full"
              >
                Wissam_Job
              </p>
            </div>
          </div>
        </div>
      </div>
      <div
        aria-orientation="horizontal"
        className="flex flex-col rounded-xl p-1 max-w-lg mx-auto mt-5 justify-center items-center w-full"
        role="tablist"
      >
        <div
          className="flex flex-col rounded-xl p-1 max-w-lg mx-auto mt-5 justify-center items-center w-full"
        >
          <button
            aria-selected={false}
            className=" w-28 py-2 rounded-full   text-sm font-medium text-refubookWhite   ring-refubookWhite ring-opacity-60 ring-offset-2 ring-offset-refubookBlue focus:outline-none focus:ring-2  bg-refubookGray hover:text-refubookBlack"
            data-headlessui-state=""
            id="headlessui-tabs-tab-:ra:"
            onClick={[Function]}
            onKeyDown={[Function]}
            onMouseDown={[Function]}
            role="tab"
            selected={false}
            tabIndex={-1}
            type="button"
          >
            Turkey
          </button>
          <span
            id="headlessui-tabs-panel-:rb:"
            role="tabpanel"
            style={
              Object {
                "borderWidth": "0",
                "clip": "rect(0, 0, 0, 0)",
                "height": 0,
                "left": 1,
                "margin": -1,
                "overflow": "hidden",
                "padding": 0,
                "position": "fixed",
                "top": 1,
                "whiteSpace": "nowrap",
                "width": 1,
              }
            }
            tabIndex={-1}
          />
        </div>
        <div
          className="flex flex-col rounded-xl p-1 max-w-lg mx-auto mt-5 justify-center items-center w-full"
        >
          <button
            aria-selected={false}
            className=" w-28 py-2 rounded-full   text-sm font-medium text-refubookWhite   ring-refubookWhite ring-opacity-60 ring-offset-2 ring-offset-refubookBlue focus:outline-none focus:ring-2  bg-refubookGray hover:text-refubookBlack"
            data-headlessui-state=""
            id="headlessui-tabs-tab-:rc:"
            onClick={[Function]}
            onKeyDown={[Function]}
            onMouseDown={[Function]}
            role="tab"
            selected={false}
            tabIndex={-1}
            type="button"
          >
            Lebanon
          </button>
          <span
            id="headlessui-tabs-panel-:rd:"
            role="tabpanel"
            style={
              Object {
                "borderWidth": "0",
                "clip": "rect(0, 0, 0, 0)",
                "height": 0,
                "left": 1,
                "margin": -1,
                "overflow": "hidden",
                "padding": 0,
                "position": "fixed",
                "top": 1,
                "whiteSpace": "nowrap",
                "width": 1,
              }
            }
            tabIndex={-1}
          />
        </div>
        <div
          className="flex flex-col rounded-xl p-1 max-w-lg mx-auto mt-5 justify-center items-center w-full"
        >
          <button
            aria-selected={false}
            className=" w-28 py-2 rounded-full   text-sm font-medium text-refubookWhite   ring-refubookWhite ring-opacity-60 ring-offset-2 ring-offset-refubookBlue focus:outline-none focus:ring-2  bg-refubookGray hover:text-refubookBlack"
            data-headlessui-state=""
            id="headlessui-tabs-tab-:re:"
            onClick={[Function]}
            onKeyDown={[Function]}
            onMouseDown={[Function]}
            role="tab"
            selected={false}
            tabIndex={-1}
            type="button"
          >
            USA
          </button>
          <span
            id="headlessui-tabs-panel-:rf:"
            role="tabpanel"
            style={
              Object {
                "borderWidth": "0",
                "clip": "rect(0, 0, 0, 0)",
                "height": 0,
                "left": 1,
                "margin": -1,
                "overflow": "hidden",
                "padding": 0,
                "position": "fixed",
                "top": 1,
                "whiteSpace": "nowrap",
                "width": 1,
              }
            }
            tabIndex={-1}
          />
        </div>
      </div>
    </div>
  </div>
</section>
`;
